// Jest Snapshot v1, https://goo.gl/fbAQLP

exports[`<ViewportObserver /> IntersectionObserver NOT Supported should match snaphost 1`] = `
<ViewportObserver
  xOffset="0px"
  yOffset="0px"
>
  <div
    className="ViewportObserver"
  />
</ViewportObserver>
`;

exports[`<ViewportObserver /> IntersectionObserver Supported should match snaphost 1`] = `
<ViewportObserver
  xOffset="0px"
  yOffset="0px"
>
  <div
    className="ViewportObserver"
  />
</ViewportObserver>
`;
